
----------------------------------------------------------------------------

chocolatey:


Microsoft Windows [Version 6.1.7601]
Copyright (c) 2009 Microsoft Corporation.  All rights reserved.

C:\Windows\system32>@"%SystemRoot%\System32\WindowsPowerShell\v1.0\powershell.ex
e" -NoProfile -InputFormat None -ExecutionPolicy Bypass -Command "iex ((New-Obje
ct System.Net.WebClient).DownloadString('https://chocolatey.org/install.ps1'))"
&& SET "PATH=%PATH%;%ALLUSERSPROFILE%\chocolatey\bin"
Unable to set PowerShell to use TLS 1.2 and TLS 1.1 due to old .NET Framework i
nstalled. If you see underlying connection closed or trust errors, you may need
 to do one or more of the following: (1) upgrade to .NET Framework 4.5+ and Pow
erShell v3, (2) specify internal Chocolatey package location (set $env:chocolat
eyDownloadUrl prior to install or host the package internally), (3) use the Dow
nload + PowerShell method of install. See https://chocolatey.org/install for al
l install options.
Getting latest version of the Chocolatey package for download.
Getting Chocolatey from https://chocolatey.org/api/v2/package/chocolatey/0.10.1
1.
Downloading 7-Zip commandline tool prior to extraction.
Extracting C:\Users\JKD760~1.JK-\AppData\Local\Temp\chocolatey\chocInstall\choc
olatey.zip to C:\Users\JKD760~1.JK-\AppData\Local\Temp\chocolatey\chocInstall..
.
Installing chocolatey on this machine
Creating ChocolateyInstall as an environment variable (targeting 'Machine')
  Setting ChocolateyInstall to 'C:\ProgramData\chocolatey'
WARNING: It's very likely you will need to close and reopen your shell
  before you can use choco.
Restricting write permissions to Administrators
We are setting up the Chocolatey package repository.
The packages themselves go to 'C:\ProgramData\chocolatey\lib'
  (i.e. C:\ProgramData\chocolatey\lib\yourPackageName).
A shim file for the command line goes to 'C:\ProgramData\chocolatey\bin'
  and points to an executable in 'C:\ProgramData\chocolatey\lib\yourPackageName
'.

Creating Chocolatey folders if they do not already exist.

WARNING: You can safely ignore errors related to missing log files when
  upgrading from a version of Chocolatey less than 0.9.9.
  'Batch file could not be found' is also safe to ignore.
  'The system cannot find the file specified' - also safe.
chocolatey.nupkg file not installed in lib.
 Attempting to locate it from bootstrapper.
PATH environment variable does not have C:\ProgramData\chocolatey\bin in it. Add
ing...
WARNING: Not setting tab completion: Profile file does not exist at
'C:\Users\JK.JK-PC\Documents\WindowsPowerShell\Microsoft.PowerShell_profile.ps1
'.
Chocolatey (choco.exe) is now ready.
You can call choco from anywhere, command line or powershell by typing choco.
Run choco /? for a list of functions.
You may need to shut down and restart powershell and/or consoles
 first prior to using choco.
Ensuring chocolatey commands are on the path
Ensuring chocolatey.nupkg is in the lib folder

C:\Windows\system32>


----------------------------------------------------------------------------
VisualStudioCode:

PS C:\Users\JK.JK-PC> choco install visualstudiocode
Chocolatey v0.10.11
Installing the following packages:
visualstudiocode
By installing you accept licenses for the packages.
Progress: Downloading vscode 1.30.1... 100%
Progress: Downloading chocolatey-core.extension 1.3.3... 100%
Progress: Downloading DotNet4.5.2 4.5.2.20140902... 100%
Progress: Downloading VisualStudioCode 1.23.1.20180730... 100%

chocolatey-core.extension v1.3.3 [Approved]
chocolatey-core.extension package files install completed. Performing other installation steps.
 Installed/updated chocolatey-core extensions.
 The install of chocolatey-core.extension was successful.
  Software installed to 'C:\ProgramData\chocolatey\extensions\chocolatey-core'

DotNet4.5.2 v4.5.2.20140902 [Approved]
dotnet4.5.2 package files install completed. Performing other installation steps.
The package DotNet4.5.2 wants to run 'ChocolateyInstall.ps1'.
Note: If you don't run this script, the installation will fail.
Note: To confirm automatically next time, use '-y' or consider:
choco feature enable -n allowGlobalConfirmation
Do you want to run the script?([Y]es/[N]o/[P]rint): y

WARNING: Url has SSL/TLS available, switching to HTTPS for download
Downloading dotnet452
  from 'https://download.microsoft.com/download/E/2/1/E21644B5-2DF2-47C2-91BD-63C560427900/NDP452-KB2901907-x86-x64-AllO
S-ENU.exe'
Progress: 100% - Completed download of C:\Users\JK.JK-PC\AppData\Local\Temp\chocolatey\DotNet4.5.2\4.5.2.20140902\NDP452
-KB2901907-x86-x64-AllOS-ENU.exe (66.76 MB).
Download of NDP452-KB2901907-x86-x64-AllOS-ENU.exe (66.76 MB) completed.
Installing dotnet452...
dotnet452 has been installed.
  dotnet4.5.2 may be able to be automatically uninstalled.
 The install of dotnet4.5.2 was successful.
  Software installed to 'C:\Windows\Microsoft.NET\Framework64\v4.0.30319\SetupCache\v4.5.51209\'

vscode v1.30.1 [Approved]
vscode package files install completed. Performing other installation steps.
The package vscode wants to run 'ChocolateyInstall.ps1'.
Note: If you don't run this script, the installation will fail.
Note: To confirm automatically next time, use '-y' or consider:
choco feature enable -n allowGlobalConfirmation
Do you want to run the script?([Y]es/[N]o/[P]rint): Y

Merge Tasks: !runCode, desktopicon, quicklaunchicon, addcontextmenufiles, addcontextmenufolders, addtopath
Downloading vscode 64 bit
  from 'https://az764295.vo.msecnd.net/stable/dea8705087adb1b5e5ae1d9123278e178656186a/VSCodeSetup-x64-1.30.1.exe'
Progress: 100% - Completed download of C:\Users\JK.JK-PC\AppData\Local\Temp\chocolatey\vscode\1.30.1\VSCodeSetup-x64-1.3
0.1.exe (43.81 MB).
Download of VSCodeSetup-x64-1.30.1.exe (43.81 MB) completed.
Hashes match.
Installing vscode...
vscode has been installed.
  vscode can be automatically uninstalled.
Environment Vars (like PATH) have changed. Close/reopen your shell to
 see the changes (or in powershell/cmd.exe just type `refreshenv`).
 The install of vscode was successful.
  Software installed to 'C:\Program Files\Microsoft VS Code\'

VisualStudioCode v1.23.1.20180730 [Approved]
visualstudiocode package files install completed. Performing other installation steps.
The package VisualStudioCode wants to run 'ChocolateyInstall.ps1'.
Note: If you don't run this script, the installation will fail.
Note: To confirm automatically next time, use '-y' or consider:
choco feature enable -n allowGlobalConfirmation
Do you want to run the script?([Y]es/[N]o/[P]rint): Y

This package is deprecated due to name change to vscode
 The install of visualstudiocode was successful.
  Software install location not explicitly set, could be in package or
  default install location if installer.

Chocolatey installed 4/4 packages.
 See the log for details (C:\ProgramData\chocolatey\logs\chocolatey.log).

Packages requiring reboot:
 - dotnet4.5.2 (exit code 3010)

The recent package changes indicate a reboot is necessary.
 Please reboot at your earliest convenience.

Enjoy using Chocolatey? Explore more amazing features to take your
experience to the next level at
 https://chocolatey.org/compare
PS C:\Users\JK.JK-PC>



----------------------------------------------------------------------------

vagrant:

PS C:\Users\JK.JK-PC> choco install vagrant
Chocolatey v0.10.11
Installing the following packages:
vagrant
By installing you accept licenses for the packages.
vagrant not installed. An error occurred during installation:
 The operation has timed out
vagrant package files install completed. Performing other installation steps.
The install of vagrant was NOT successful.
vagrant not installed. An error occurred during installation:
 The operation has timed out

Chocolatey installed 0/1 packages. 1 packages failed.
 See the log for details (C:\ProgramData\chocolatey\logs\chocolatey.log).

Failures
 - vagrant (exited 1) - vagrant not installed. An error occurred during installation:
 The operation has timed out
PS C:\Users\JK.JK-PC>
PS C:\Users\JK.JK-PC>

----------------------------------------

PS C:\Users\JK.JK-PC\Desktop\DevopsDesk> choco install vagrant -y
Chocolatey v0.10.11
Installing the following packages:
vagrant
By installing you accept licenses for the packages.
Progress: Downloading vagrant 2.2.2... 100%

vagrant v2.2.2 [Approved]
vagrant package files install completed. Performing other installation steps.
Downloading vagrant 64 bit
  from 'https://releases.hashicorp.com/vagrant/2.2.2/vagrant_2.2.2_x86_64.msi'
Progress: 100% - Completed download of C:\Users\JK.JK-PC\AppData\Local\Temp\chocolatey\vagrant\2.2.2\vagrant_2.2.2_x86_6
4.msi (229.44 MB).
Download of vagrant_2.2.2_x86_64.msi (229.44 MB) completed.
Hashes match.
Installing vagrant...
vagrant has been installed.
Repairing currently installed global plugins. This may take a few minutes...
Installed plugins successfully repaired!
  vagrant may be able to be automatically uninstalled.
Environment Vars (like PATH) have changed. Close/reopen your shell to
 see the changes (or in powershell/cmd.exe just type `refreshenv`).
 The install of vagrant was successful.
  Software installed as 'msi', install location is likely default.

Chocolatey installed 1/1 packages.
 See the log for details (C:\ProgramData\chocolatey\logs\chocolatey.log).

Packages requiring reboot:
 - vagrant (exit code 3010)

The recent package changes indicate a reboot is necessary.
 Please reboot at your earliest convenience.
PS C:\Users\JK.JK-PC\Desktop\DevopsDesk>

----------------------------------------------------------------------------

git.install:

PS C:\Users\JK.JK-PC\Desktop\DevopsDesk> choco install git.install -y
Chocolatey v0.10.11
Installing the following packages:
git.install
By installing you accept licenses for the packages.
Progress: Downloading git.install 2.20.1... 100%

git.install v2.20.1 [Approved]
git.install package files install completed. Performing other installation steps.
Using Git LFS
Installing 64-bit git.install...
git.install has been installed.
WARNING: Can't find git.install install location
  git.install can be automatically uninstalled.
Environment Vars (like PATH) have changed. Close/reopen your shell to
 see the changes (or in powershell/cmd.exe just type `refreshenv`).
 ShimGen has successfully created a shim for Git-2.20.1-32-bit.exe
 The install of git.install was successful.
  Software installed to 'C:\Program Files\Git\'

Chocolatey installed 1/1 packages.
 See the log for details (C:\ProgramData\chocolatey\logs\chocolatey.log).
PS C:\Users\JK.JK-PC\Desktop\DevopsDesk>


----------------------------------------------------------------------------

XMind:

PS C:\Users\JK.JK-PC\Desktop\DevopsDesk> choco install xmind -y
Chocolatey v0.10.11
Installing the following packages:
xmind
By installing you accept licenses for the packages.
Progress: Downloading xmind 3.7.5... 100%

xmind v3.7.5 [Approved]
xmind package files install completed. Performing other installation steps.
Downloading xmind
  from 'https://www.xmind.net/xmind/downloads/xmind-8-update6-windows.exe'
Progress: 100% - Completed download of C:\Users\JK.JK-PC\AppData\Local\Temp\chocolatey\xmind\3
ws.exe (158.66 MB).
Download of xmind-8-update6-windows.exe (158.66 MB) completed.
Hashes match.
Installing xmind...
xmind has been installed.
  xmind can be automatically uninstalled.
 The install of xmind was successful.
  Software installed to 'C:\Program Files (x86)\XMind\'

Chocolatey installed 1/1 packages.
 See the log for details (C:\ProgramData\chocolatey\logs\chocolatey.log).
PS C:\Users\JK.JK-PC\Desktop\DevopsDesk>


----------------------------------------------------------------------------



----------------------------------------------------------------------------



----------------------------------------------------------------------------
